../Core/Inc/Library_Support.h:19:14:VTTB_Remove	16	static
../Core/Inc/Library_Support.h:29:6:Systick_Handler	16	static
../Core/Inc/Library_Support.h:36:15:Identify_GPIO	24	static
../Core/Inc/Library_Support.h:66:5:Position_PIN	24	static
../Core/Inc/Library_Support.h:73:6:Clock	40	static
../Core/Inc/Library_Support.h:100:6:Interrupt_NVIC	40	static
../Core/Inc/Library_Support.h:122:6:EXTICR_X	40	static
../Core/Inc/Library_Support.h:198:6:UART_Send_one_byte	24	static
../Core/Inc/Library_Support.h:208:6:UART_Handler	24	static
../Core/Src/MyLibrary.c:14:6:Delay_ms	16	static
../Core/Src/MyLibrary.c:20:6:Init_Systick	24	static
../Core/Src/MyLibrary.c:33:6:Init_GPIO_Config_Mode	32	static
../Core/Src/MyLibrary.c:43:6:GPIO_Output_Mode	32	static
../Core/Src/MyLibrary.c:59:6:GPIO_Input_Mode	32	static
../Core/Src/MyLibrary.c:69:6:GPIO_Input_get_signal	32	static
../Core/Src/MyLibrary.c:78:6:GPIO_Alternate_Mode	32	static
../Core/Src/MyLibrary.c:97:6:Init_EXTI_Mode	56	static
../Core/Src/MyLibrary.c:160:6:EXTI_escape_Interrupt	32	static
../Core/Src/MyLibrary.c:169:6:UART_Send_data	24	static
../Core/Src/MyLibrary.c:177:7:UART_data	24	static
../Core/Src/MyLibrary.c:202:5:UART_data_available	8	static
../Core/Src/MyLibrary.c:211:6:Init_UART	48	static
../Core/Src/MyLibrary.c:275:6:Init_DMA	56	static
